Experiment timestamp: 2026-09-27T10:05:26+00:00
Linux runnervmtr4k5 6.17.0-1022-azure #22-Ubuntu SMP Mon Jul 27 17:24:03 UTC 2026 x86_64 x86_64 x86_64 GNU/Linux
Architecture:                            x86_64
CPU op-mode(s):                          32-bit, 64-bit
Address sizes:                           48 bits physical, 48 bits virtual
Byte Order:                              Little Endian
CPU(s):                                  4
On-line CPU(s) list:                     0-3
Vendor ID:                               AuthenticAMD
Model name:                              AMD EPYC 7763 64-Core Processor
CPU family:                              25
Model:                                   1
Thread(s) per core:                      2
Core(s) per socket:                      2
Socket(s):                               1
Stepping:                                1
BogoMIPS:                                4890.84
Flags:                                   fpu vme de pse tsc msr pae mce cx8 apic sep mtrr pge mca cmov pat pse36 clflush mmx fxsr sse sse2 ht syscall nx mmxext fxsr_opt pdpe1gb rdtscp lm constant_tsc rep_good nopl tsc_reliable nonstop_tsc cpuid extd_apicid aperfmperf tsc_known_freq pni pclmulqdq ssse3 fma cx16 pcid sse4_1 sse4_2 movbe popcnt aes xsave avx f16c rdrand hypervisor lahf_lm cmp_legacy svm cr8_legacy abm sse4a misalignsse 3dnowprefetch osvw topoext vmmcall fsgsbase bmi1 avx2 smep bmi2 erms invpcid rdseed adx smap clflushopt clwb sha_ni xsaveopt xsavec xgetbv1 xsaves user_shstk clzero xsaveerptr rdpru arat npt nrip_save tsc_scale vmcb_clean flushbyasid decodeassists pausefilter pfthreshold v_vmsave_vmload umip vaes vpclmulqdq rdpid fsrm
Virtualization:                          AMD-V
Hypervisor vendor:                       Microsoft
Virtualization type:                     full
L1d cache:                               64 KiB (2 instances)
L1i cache:                               64 KiB (2 instances)
L2 cache:                                1 MiB (2 instances)
L3 cache:                                32 MiB (1 instance)
NUMA node(s):                            1
NUMA node0 CPU(s):                       0-3
Vulnerability Gather data sampling:      Not affected
Vulnerability Ghostwrite:                Not affected
Vulnerability Indirect target selection: Not affected
Vulnerability Itlb multihit:             Not affected
Vulnerability L1tf:                      Not affected
Vulnerability Mds:                       Not affected
Vulnerability Meltdown:                  Not affected
Vulnerability Mmio stale data:           Not affected
Vulnerability Old microcode:             Not affected
Vulnerability Reg file data sampling:    Not affected
Vulnerability Retbleed:                  Not affected
Vulnerability Spec rstack overflow:      Vulnerable: Safe RET, no microcode
Vulnerability Spec store bypass:         Vulnerable
Vulnerability Spectre v1:                Mitigation; usercopy/swapgs barriers and __user pointer sanitization
Vulnerability Spectre v2:                Mitigation; Retpolines; STIBP disabled; RSB filling; PBRSB-eIBRS Not affected; BHI Not affected
Vulnerability Srbds:                     Not affected
Vulnerability Tsa:                       Vulnerable: No microcode
Vulnerability Tsx async abort:           Not affected
Vulnerability Vmscape:                   Not affected

perf_event_paranoid=4

Compiler
Ubuntu clang version 18.1.3 (1ubuntu1)

Build command: make (C11, O2, no O3)
make: Nothing to be done for 'all'.

Command: ./build/linkbench --lists 4 --nodes 4096 --size 64 --queries 1000 --repeat 3 --mode head --pattern varied
Linked-list search benchmark (no hash)
lists=4 nodes_per_list=4096 total_nodes=16384 payload_bytes=64 header_bytes=32
queries=1000 expected_hits=1000 mode=head pattern=varied seed=42 repeat=3
measurement_scope=user-space search loop; allocation/generation/output excluded
Each counter group replays identical warmed queries; N/A is never a zero count.

algorithm=baseline trial=1 checksum=6247400 verified=yes
elapsed_ns: 6672
ns_per_search: 6.672
instructions: N/A [instructions: Permission denied (errno=13)]
cycles: N/A [instructions: Permission denied (errno=13)]
L1D_load_accesses: N/A [L1D-loads: Permission denied (errno=13)]
L1D_load_misses: N/A [L1D-loads: Permission denied (errno=13)]
L1D_store_accesses: N/A [L1D-stores: Permission denied (errno=13)]
memory_accesses_L1D_loads_plus_stores: N/A [requires both loads and stores]
L1D_load_hit_rate_pct: N/A [unsupported, zero accesses, or inconsistent counters]
hardware_metrics: incomplete

algorithm=optimized trial=1 checksum=6247400 verified=yes
elapsed_ns: 7664
ns_per_search: 7.664
instructions: N/A [instructions: Permission denied (errno=13)]
cycles: N/A [instructions: Permission denied (errno=13)]
L1D_load_accesses: N/A [L1D-loads: Permission denied (errno=13)]
L1D_load_misses: N/A [L1D-loads: Permission denied (errno=13)]
L1D_store_accesses: N/A [L1D-stores: Permission denied (errno=13)]
memory_accesses_L1D_loads_plus_stores: N/A [requires both loads and stores]
L1D_load_hit_rate_pct: N/A [unsupported, zero accesses, or inconsistent counters]
hardware_metrics: incomplete

algorithm=optimized trial=2 checksum=6247400 verified=yes
elapsed_ns: 7594
ns_per_search: 7.594
instructions: N/A [instructions: Permission denied (errno=13)]
cycles: N/A [instructions: Permission denied (errno=13)]
L1D_load_accesses: N/A [L1D-loads: Permission denied (errno=13)]
L1D_load_misses: N/A [L1D-loads: Permission denied (errno=13)]
L1D_store_accesses: N/A [L1D-stores: Permission denied (errno=13)]
memory_accesses_L1D_loads_plus_stores: N/A [requires both loads and stores]
L1D_load_hit_rate_pct: N/A [unsupported, zero accesses, or inconsistent counters]
hardware_metrics: incomplete

algorithm=baseline trial=2 checksum=6247400 verified=yes
elapsed_ns: 7504
ns_per_search: 7.504
instructions: N/A [instructions: Permission denied (errno=13)]
cycles: N/A [instructions: Permission denied (errno=13)]
L1D_load_accesses: N/A [L1D-loads: Permission denied (errno=13)]
L1D_load_misses: N/A [L1D-loads: Permission denied (errno=13)]
L1D_store_accesses: N/A [L1D-stores: Permission denied (errno=13)]
memory_accesses_L1D_loads_plus_stores: N/A [requires both loads and stores]
L1D_load_hit_rate_pct: N/A [unsupported, zero accesses, or inconsistent counters]
hardware_metrics: incomplete

algorithm=baseline trial=3 checksum=6247400 verified=yes
elapsed_ns: 7424
ns_per_search: 7.424
instructions: N/A [instructions: Permission denied (errno=13)]
cycles: N/A [instructions: Permission denied (errno=13)]
L1D_load_accesses: N/A [L1D-loads: Permission denied (errno=13)]
L1D_load_misses: N/A [L1D-loads: Permission denied (errno=13)]
L1D_store_accesses: N/A [L1D-stores: Permission denied (errno=13)]
memory_accesses_L1D_loads_plus_stores: N/A [requires both loads and stores]
L1D_load_hit_rate_pct: N/A [unsupported, zero accesses, or inconsistent counters]
hardware_metrics: incomplete

algorithm=optimized trial=3 checksum=6247400 verified=yes
elapsed_ns: 7604
ns_per_search: 7.604
instructions: N/A [instructions: Permission denied (errno=13)]
cycles: N/A [instructions: Permission denied (errno=13)]
L1D_load_accesses: N/A [L1D-loads: Permission denied (errno=13)]
L1D_load_misses: N/A [L1D-loads: Permission denied (errno=13)]
L1D_store_accesses: N/A [L1D-stores: Permission denied (errno=13)]
memory_accesses_L1D_loads_plus_stores: N/A [requires both loads and stores]
L1D_load_hit_rate_pct: N/A [unsupported, zero accesses, or inconsistent counters]
hardware_metrics: incomplete

Command: ./build/linkbench --lists 4 --nodes 4096 --size 64 --queries 1000 --repeat 3 --mode tail --pattern varied
Linked-list search benchmark (no hash)
lists=4 nodes_per_list=4096 total_nodes=16384 payload_bytes=64 header_bytes=32
queries=1000 expected_hits=1000 mode=tail pattern=varied seed=42 repeat=3
measurement_scope=user-space search loop; allocation/generation/output excluded
Each counter group replays identical warmed queries; N/A is never a zero count.

algorithm=baseline trial=1 checksum=10342400 verified=yes
elapsed_ns: 16812621
ns_per_search: 16812.621
instructions: N/A [instructions: Permission denied (errno=13)]
cycles: N/A [instructions: Permission denied (errno=13)]
L1D_load_accesses: N/A [L1D-loads: Permission denied (errno=13)]
L1D_load_misses: N/A [L1D-loads: Permission denied (errno=13)]
L1D_store_accesses: N/A [L1D-stores: Permission denied (errno=13)]
memory_accesses_L1D_loads_plus_stores: N/A [requires both loads and stores]
L1D_load_hit_rate_pct: N/A [unsupported, zero accesses, or inconsistent counters]
hardware_metrics: incomplete

algorithm=optimized trial=1 checksum=10342400 verified=yes
elapsed_ns: 9724436
ns_per_search: 9724.436
instructions: N/A [instructions: Permission denied (errno=13)]
cycles: N/A [instructions: Permission denied (errno=13)]
L1D_load_accesses: N/A [L1D-loads: Permission denied (errno=13)]
L1D_load_misses: N/A [L1D-loads: Permission denied (errno=13)]
L1D_store_accesses: N/A [L1D-stores: Permission denied (errno=13)]
memory_accesses_L1D_loads_plus_stores: N/A [requires both loads and stores]
L1D_load_hit_rate_pct: N/A [unsupported, zero accesses, or inconsistent counters]
hardware_metrics: incomplete

algorithm=optimized trial=2 checksum=10342400 verified=yes
elapsed_ns: 9341290
ns_per_search: 9341.290
instructions: N/A [instructions: Permission denied (errno=13)]
cycles: N/A [instructions: Permission denied (errno=13)]
L1D_load_accesses: N/A [L1D-loads: Permission denied (errno=13)]
L1D_load_misses: N/A [L1D-loads: Permission denied (errno=13)]
L1D_store_accesses: N/A [L1D-stores: Permission denied (errno=13)]
memory_accesses_L1D_loads_plus_stores: N/A [requires both loads and stores]
L1D_load_hit_rate_pct: N/A [unsupported, zero accesses, or inconsistent counters]
hardware_metrics: incomplete

algorithm=baseline trial=2 checksum=10342400 verified=yes
elapsed_ns: 16914130
ns_per_search: 16914.130
instructions: N/A [instructions: Permission denied (errno=13)]
cycles: N/A [instructions: Permission denied (errno=13)]
L1D_load_accesses: N/A [L1D-loads: Permission denied (errno=13)]
L1D_load_misses: N/A [L1D-loads: Permission denied (errno=13)]
L1D_store_accesses: N/A [L1D-stores: Permission denied (errno=13)]
memory_accesses_L1D_loads_plus_stores: N/A [requires both loads and stores]
L1D_load_hit_rate_pct: N/A [unsupported, zero accesses, or inconsistent counters]
hardware_metrics: incomplete

algorithm=baseline trial=3 checksum=10342400 verified=yes
elapsed_ns: 16905925
ns_per_search: 16905.925
instructions: N/A [instructions: Permission denied (errno=13)]
cycles: N/A [instructions: Permission denied (errno=13)]
L1D_load_accesses: N/A [L1D-loads: Permission denied (errno=13)]
L1D_load_misses: N/A [L1D-loads: Permission denied (errno=13)]
L1D_store_accesses: N/A [L1D-stores: Permission denied (errno=13)]
memory_accesses_L1D_loads_plus_stores: N/A [requires both loads and stores]
L1D_load_hit_rate_pct: N/A [unsupported, zero accesses, or inconsistent counters]
hardware_metrics: incomplete

algorithm=optimized trial=3 checksum=10342400 verified=yes
elapsed_ns: 9565740
ns_per_search: 9565.740
instructions: N/A [instructions: Permission denied (errno=13)]
cycles: N/A [instructions: Permission denied (errno=13)]
L1D_load_accesses: N/A [L1D-loads: Permission denied (errno=13)]
L1D_load_misses: N/A [L1D-loads: Permission denied (errno=13)]
L1D_store_accesses: N/A [L1D-stores: Permission denied (errno=13)]
memory_accesses_L1D_loads_plus_stores: N/A [requires both loads and stores]
L1D_load_hit_rate_pct: N/A [unsupported, zero accesses, or inconsistent counters]
hardware_metrics: incomplete

Command: ./build/linkbench --lists 4 --nodes 4096 --size 64 --queries 1000 --repeat 3 --mode hit --pattern varied
Linked-list search benchmark (no hash)
lists=4 nodes_per_list=4096 total_nodes=16384 payload_bytes=64 header_bytes=32
queries=1000 expected_hits=1000 mode=hit pattern=varied seed=42 repeat=3
measurement_scope=user-space search loop; allocation/generation/output excluded
Each counter group replays identical warmed queries; N/A is never a zero count.

algorithm=baseline trial=1 checksum=8296019 verified=yes
elapsed_ns: 8520714
ns_per_search: 8520.714
instructions: N/A [instructions: Permission denied (errno=13)]
cycles: N/A [instructions: Permission denied (errno=13)]
L1D_load_accesses: N/A [L1D-loads: Permission denied (errno=13)]
L1D_load_misses: N/A [L1D-loads: Permission denied (errno=13)]
L1D_store_accesses: N/A [L1D-stores: Permission denied (errno=13)]
memory_accesses_L1D_loads_plus_stores: N/A [requires both loads and stores]
L1D_load_hit_rate_pct: N/A [unsupported, zero accesses, or inconsistent counters]
hardware_metrics: incomplete

algorithm=optimized trial=1 checksum=8296019 verified=yes
elapsed_ns: 4846549
ns_per_search: 4846.549
instructions: N/A [instructions: Permission denied (errno=13)]
cycles: N/A [instructions: Permission denied (errno=13)]
L1D_load_accesses: N/A [L1D-loads: Permission denied (errno=13)]
L1D_load_misses: N/A [L1D-loads: Permission denied (errno=13)]
L1D_store_accesses: N/A [L1D-stores: Permission denied (errno=13)]
memory_accesses_L1D_loads_plus_stores: N/A [requires both loads and stores]
L1D_load_hit_rate_pct: N/A [unsupported, zero accesses, or inconsistent counters]
hardware_metrics: incomplete

algorithm=optimized trial=2 checksum=8296019 verified=yes
elapsed_ns: 4904637
ns_per_search: 4904.637
instructions: N/A [instructions: Permission denied (errno=13)]
cycles: N/A [instructions: Permission denied (errno=13)]
L1D_load_accesses: N/A [L1D-loads: Permission denied (errno=13)]
L1D_load_misses: N/A [L1D-loads: Permission denied (errno=13)]
L1D_store_accesses: N/A [L1D-stores: Permission denied (errno=13)]
memory_accesses_L1D_loads_plus_stores: N/A [requires both loads and stores]
L1D_load_hit_rate_pct: N/A [unsupported, zero accesses, or inconsistent counters]
hardware_metrics: incomplete

algorithm=baseline trial=2 checksum=8296019 verified=yes
elapsed_ns: 8459830
ns_per_search: 8459.830
instructions: N/A [instructions: Permission denied (errno=13)]
cycles: N/A [instructions: Permission denied (errno=13)]
L1D_load_accesses: N/A [L1D-loads: Permission denied (errno=13)]
L1D_load_misses: N/A [L1D-loads: Permission denied (errno=13)]
L1D_store_accesses: N/A [L1D-stores: Permission denied (errno=13)]
memory_accesses_L1D_loads_plus_stores: N/A [requires both loads and stores]
L1D_load_hit_rate_pct: N/A [unsupported, zero accesses, or inconsistent counters]
hardware_metrics: incomplete

algorithm=baseline trial=3 checksum=8296019 verified=yes
elapsed_ns: 8472734
ns_per_search: 8472.734
instructions: N/A [instructions: Permission denied (errno=13)]
cycles: N/A [instructions: Permission denied (errno=13)]
L1D_load_accesses: N/A [L1D-loads: Permission denied (errno=13)]
L1D_load_misses: N/A [L1D-loads: Permission denied (errno=13)]
L1D_store_accesses: N/A [L1D-stores: Permission denied (errno=13)]
memory_accesses_L1D_loads_plus_stores: N/A [requires both loads and stores]
L1D_load_hit_rate_pct: N/A [unsupported, zero accesses, or inconsistent counters]
hardware_metrics: incomplete

algorithm=optimized trial=3 checksum=8296019 verified=yes
elapsed_ns: 4897415
ns_per_search: 4897.415
instructions: N/A [instructions: Permission denied (errno=13)]
cycles: N/A [instructions: Permission denied (errno=13)]
L1D_load_accesses: N/A [L1D-loads: Permission denied (errno=13)]
L1D_load_misses: N/A [L1D-loads: Permission denied (errno=13)]
L1D_store_accesses: N/A [L1D-stores: Permission denied (errno=13)]
memory_accesses_L1D_loads_plus_stores: N/A [requires both loads and stores]
L1D_load_hit_rate_pct: N/A [unsupported, zero accesses, or inconsistent counters]
hardware_metrics: incomplete

Command: ./build/linkbench --lists 4 --nodes 4096 --size 64 --queries 1000 --repeat 3 --mode miss --pattern varied
Linked-list search benchmark (no hash)
lists=4 nodes_per_list=4096 total_nodes=16384 payload_bytes=64 header_bytes=32
queries=1000 expected_hits=0 mode=miss pattern=varied seed=42 repeat=3
measurement_scope=user-space search loop; allocation/generation/output excluded
Each counter group replays identical warmed queries; N/A is never a zero count.

algorithm=baseline trial=1 checksum=0 verified=yes
elapsed_ns: 15531603
ns_per_search: 15531.603
instructions: N/A [instructions: Permission denied (errno=13)]
cycles: N/A [instructions: Permission denied (errno=13)]
L1D_load_accesses: N/A [L1D-loads: Permission denied (errno=13)]
L1D_load_misses: N/A [L1D-loads: Permission denied (errno=13)]
L1D_store_accesses: N/A [L1D-stores: Permission denied (errno=13)]
memory_accesses_L1D_loads_plus_stores: N/A [requires both loads and stores]
L1D_load_hit_rate_pct: N/A [unsupported, zero accesses, or inconsistent counters]
hardware_metrics: incomplete

algorithm=optimized trial=1 checksum=0 verified=yes
elapsed_ns: 9415318
ns_per_search: 9415.318
instructions: N/A [instructions: Permission denied (errno=13)]
cycles: N/A [instructions: Permission denied (errno=13)]
L1D_load_accesses: N/A [L1D-loads: Permission denied (errno=13)]
L1D_load_misses: N/A [L1D-loads: Permission denied (errno=13)]
L1D_store_accesses: N/A [L1D-stores: Permission denied (errno=13)]
memory_accesses_L1D_loads_plus_stores: N/A [requires both loads and stores]
L1D_load_hit_rate_pct: N/A [unsupported, zero accesses, or inconsistent counters]
hardware_metrics: incomplete

algorithm=optimized trial=2 checksum=0 verified=yes
elapsed_ns: 9336390
ns_per_search: 9336.390
instructions: N/A [instructions: Permission denied (errno=13)]
cycles: N/A [instructions: Permission denied (errno=13)]
L1D_load_accesses: N/A [L1D-loads: Permission denied (errno=13)]
L1D_load_misses: N/A [L1D-loads: Permission denied (errno=13)]
L1D_store_accesses: N/A [L1D-stores: Permission denied (errno=13)]
memory_accesses_L1D_loads_plus_stores: N/A [requires both loads and stores]
L1D_load_hit_rate_pct: N/A [unsupported, zero accesses, or inconsistent counters]
hardware_metrics: incomplete

algorithm=baseline trial=2 checksum=0 verified=yes
elapsed_ns: 15609750
ns_per_search: 15609.750
instructions: N/A [instructions: Permission denied (errno=13)]
cycles: N/A [instructions: Permission denied (errno=13)]
L1D_load_accesses: N/A [L1D-loads: Permission denied (errno=13)]
L1D_load_misses: N/A [L1D-loads: Permission denied (errno=13)]
L1D_store_accesses: N/A [L1D-stores: Permission denied (errno=13)]
memory_accesses_L1D_loads_plus_stores: N/A [requires both loads and stores]
L1D_load_hit_rate_pct: N/A [unsupported, zero accesses, or inconsistent counters]
hardware_metrics: incomplete

algorithm=baseline trial=3 checksum=0 verified=yes
elapsed_ns: 15754030
ns_per_search: 15754.030
instructions: N/A [instructions: Permission denied (errno=13)]
cycles: N/A [instructions: Permission denied (errno=13)]
L1D_load_accesses: N/A [L1D-loads: Permission denied (errno=13)]
L1D_load_misses: N/A [L1D-loads: Permission denied (errno=13)]
L1D_store_accesses: N/A [L1D-stores: Permission denied (errno=13)]
memory_accesses_L1D_loads_plus_stores: N/A [requires both loads and stores]
L1D_load_hit_rate_pct: N/A [unsupported, zero accesses, or inconsistent counters]
hardware_metrics: incomplete

algorithm=optimized trial=3 checksum=0 verified=yes
elapsed_ns: 9474960
ns_per_search: 9474.960
instructions: N/A [instructions: Permission denied (errno=13)]
cycles: N/A [instructions: Permission denied (errno=13)]
L1D_load_accesses: N/A [L1D-loads: Permission denied (errno=13)]
L1D_load_misses: N/A [L1D-loads: Permission denied (errno=13)]
L1D_store_accesses: N/A [L1D-stores: Permission denied (errno=13)]
memory_accesses_L1D_loads_plus_stores: N/A [requires both loads and stores]
L1D_load_hit_rate_pct: N/A [unsupported, zero accesses, or inconsistent counters]
hardware_metrics: incomplete

Command: ./build/linkbench --lists 4 --nodes 4096 --size 64 --queries 1000 --repeat 3 --mode mixed --pattern varied
Linked-list search benchmark (no hash)
lists=4 nodes_per_list=4096 total_nodes=16384 payload_bytes=64 header_bytes=32
queries=1000 expected_hits=500 mode=mixed pattern=varied seed=42 repeat=3
measurement_scope=user-space search loop; allocation/generation/output excluded
Each counter group replays identical warmed queries; N/A is never a zero count.

algorithm=baseline trial=1 checksum=4105475 verified=yes
elapsed_ns: 12668896
ns_per_search: 12668.896
instructions: N/A [instructions: Permission denied (errno=13)]
cycles: N/A [instructions: Permission denied (errno=13)]
L1D_load_accesses: N/A [L1D-loads: Permission denied (errno=13)]
L1D_load_misses: N/A [L1D-loads: Permission denied (errno=13)]
L1D_store_accesses: N/A [L1D-stores: Permission denied (errno=13)]
memory_accesses_L1D_loads_plus_stores: N/A [requires both loads and stores]
L1D_load_hit_rate_pct: N/A [unsupported, zero accesses, or inconsistent counters]
hardware_metrics: incomplete

algorithm=optimized trial=1 checksum=4105475 verified=yes
elapsed_ns: 7083255
ns_per_search: 7083.255
instructions: N/A [instructions: Permission denied (errno=13)]
cycles: N/A [instructions: Permission denied (errno=13)]
L1D_load_accesses: N/A [L1D-loads: Permission denied (errno=13)]
L1D_load_misses: N/A [L1D-loads: Permission denied (errno=13)]
L1D_store_accesses: N/A [L1D-stores: Permission denied (errno=13)]
memory_accesses_L1D_loads_plus_stores: N/A [requires both loads and stores]
L1D_load_hit_rate_pct: N/A [unsupported, zero accesses, or inconsistent counters]
hardware_metrics: incomplete

algorithm=optimized trial=2 checksum=4105475 verified=yes
elapsed_ns: 7035835
ns_per_search: 7035.835
instructions: N/A [instructions: Permission denied (errno=13)]
cycles: N/A [instructions: Permission denied (errno=13)]
L1D_load_accesses: N/A [L1D-loads: Permission denied (errno=13)]
L1D_load_misses: N/A [L1D-loads: Permission denied (errno=13)]
L1D_store_accesses: N/A [L1D-stores: Permission denied (errno=13)]
memory_accesses_L1D_loads_plus_stores: N/A [requires both loads and stores]
L1D_load_hit_rate_pct: N/A [unsupported, zero accesses, or inconsistent counters]
hardware_metrics: incomplete

algorithm=baseline trial=2 checksum=4105475 verified=yes
elapsed_ns: 12506583
ns_per_search: 12506.583
instructions: N/A [instructions: Permission denied (errno=13)]
cycles: N/A [instructions: Permission denied (errno=13)]
L1D_load_accesses: N/A [L1D-loads: Permission denied (errno=13)]
L1D_load_misses: N/A [L1D-loads: Permission denied (errno=13)]
L1D_store_accesses: N/A [L1D-stores: Permission denied (errno=13)]
memory_accesses_L1D_loads_plus_stores: N/A [requires both loads and stores]
L1D_load_hit_rate_pct: N/A [unsupported, zero accesses, or inconsistent counters]
hardware_metrics: incomplete

algorithm=baseline trial=3 checksum=4105475 verified=yes
elapsed_ns: 12639621
ns_per_search: 12639.621
instructions: N/A [instructions: Permission denied (errno=13)]
cycles: N/A [instructions: Permission denied (errno=13)]
L1D_load_accesses: N/A [L1D-loads: Permission denied (errno=13)]
L1D_load_misses: N/A [L1D-loads: Permission denied (errno=13)]
L1D_store_accesses: N/A [L1D-stores: Permission denied (errno=13)]
memory_accesses_L1D_loads_plus_stores: N/A [requires both loads and stores]
L1D_load_hit_rate_pct: N/A [unsupported, zero accesses, or inconsistent counters]
hardware_metrics: incomplete

algorithm=optimized trial=3 checksum=4105475 verified=yes
elapsed_ns: 7077824
ns_per_search: 7077.824
instructions: N/A [instructions: Permission denied (errno=13)]
cycles: N/A [instructions: Permission denied (errno=13)]
L1D_load_accesses: N/A [L1D-loads: Permission denied (errno=13)]
L1D_load_misses: N/A [L1D-loads: Permission denied (errno=13)]
L1D_store_accesses: N/A [L1D-stores: Permission denied (errno=13)]
memory_accesses_L1D_loads_plus_stores: N/A [requires both loads and stores]
L1D_load_hit_rate_pct: N/A [unsupported, zero accesses, or inconsistent counters]
hardware_metrics: incomplete

Command: ./build/linkbench --lists 4 --nodes 4096 --size 64 --queries 1000 --repeat 3 --mode head --pattern shared-prefix
Linked-list search benchmark (no hash)
lists=4 nodes_per_list=4096 total_nodes=16384 payload_bytes=64 header_bytes=32
queries=1000 expected_hits=1000 mode=head pattern=shared-prefix seed=42 repeat=3
measurement_scope=user-space search loop; allocation/generation/output excluded
Each counter group replays identical warmed queries; N/A is never a zero count.

algorithm=baseline trial=1 checksum=6247400 verified=yes
elapsed_ns: 11251
ns_per_search: 11.251
instructions: N/A [instructions: Permission denied (errno=13)]
cycles: N/A [instructions: Permission denied (errno=13)]
L1D_load_accesses: N/A [L1D-loads: Permission denied (errno=13)]
L1D_load_misses: N/A [L1D-loads: Permission denied (errno=13)]
L1D_store_accesses: N/A [L1D-stores: Permission denied (errno=13)]
memory_accesses_L1D_loads_plus_stores: N/A [requires both loads and stores]
L1D_load_hit_rate_pct: N/A [unsupported, zero accesses, or inconsistent counters]
hardware_metrics: incomplete

algorithm=optimized trial=1 checksum=6247400 verified=yes
elapsed_ns: 13435
ns_per_search: 13.435
instructions: N/A [instructions: Permission denied (errno=13)]
cycles: N/A [instructions: Permission denied (errno=13)]
L1D_load_accesses: N/A [L1D-loads: Permission denied (errno=13)]
L1D_load_misses: N/A [L1D-loads: Permission denied (errno=13)]
L1D_store_accesses: N/A [L1D-stores: Permission denied (errno=13)]
memory_accesses_L1D_loads_plus_stores: N/A [requires both loads and stores]
L1D_load_hit_rate_pct: N/A [unsupported, zero accesses, or inconsistent counters]
hardware_metrics: incomplete

algorithm=optimized trial=2 checksum=6247400 verified=yes
elapsed_ns: 13305
ns_per_search: 13.305
instructions: N/A [instructions: Permission denied (errno=13)]
cycles: N/A [instructions: Permission denied (errno=13)]
L1D_load_accesses: N/A [L1D-loads: Permission denied (errno=13)]
L1D_load_misses: N/A [L1D-loads: Permission denied (errno=13)]
L1D_store_accesses: N/A [L1D-stores: Permission denied (errno=13)]
memory_accesses_L1D_loads_plus_stores: N/A [requires both loads and stores]
L1D_load_hit_rate_pct: N/A [unsupported, zero accesses, or inconsistent counters]
hardware_metrics: incomplete

algorithm=baseline trial=2 checksum=6247400 verified=yes
elapsed_ns: 11011
ns_per_search: 11.011
instructions: N/A [instructions: Permission denied (errno=13)]
cycles: N/A [instructions: Permission denied (errno=13)]
L1D_load_accesses: N/A [L1D-loads: Permission denied (errno=13)]
L1D_load_misses: N/A [L1D-loads: Permission denied (errno=13)]
L1D_store_accesses: N/A [L1D-stores: Permission denied (errno=13)]
memory_accesses_L1D_loads_plus_stores: N/A [requires both loads and stores]
L1D_load_hit_rate_pct: N/A [unsupported, zero accesses, or inconsistent counters]
hardware_metrics: incomplete

algorithm=baseline trial=3 checksum=6247400 verified=yes
elapsed_ns: 10680
ns_per_search: 10.680
instructions: N/A [instructions: Permission denied (errno=13)]
cycles: N/A [instructions: Permission denied (errno=13)]
L1D_load_accesses: N/A [L1D-loads: Permission denied (errno=13)]
L1D_load_misses: N/A [L1D-loads: Permission denied (errno=13)]
L1D_store_accesses: N/A [L1D-stores: Permission denied (errno=13)]
memory_accesses_L1D_loads_plus_stores: N/A [requires both loads and stores]
L1D_load_hit_rate_pct: N/A [unsupported, zero accesses, or inconsistent counters]
hardware_metrics: incomplete

algorithm=optimized trial=3 checksum=6247400 verified=yes
elapsed_ns: 13075
ns_per_search: 13.075
instructions: N/A [instructions: Permission denied (errno=13)]
cycles: N/A [instructions: Permission denied (errno=13)]
L1D_load_accesses: N/A [L1D-loads: Permission denied (errno=13)]
L1D_load_misses: N/A [L1D-loads: Permission denied (errno=13)]
L1D_store_accesses: N/A [L1D-stores: Permission denied (errno=13)]
memory_accesses_L1D_loads_plus_stores: N/A [requires both loads and stores]
L1D_load_hit_rate_pct: N/A [unsupported, zero accesses, or inconsistent counters]
hardware_metrics: incomplete

Command: ./build/linkbench --lists 4 --nodes 4096 --size 64 --queries 1000 --repeat 3 --mode tail --pattern shared-prefix
Linked-list search benchmark (no hash)
lists=4 nodes_per_list=4096 total_nodes=16384 payload_bytes=64 header_bytes=32
queries=1000 expected_hits=1000 mode=tail pattern=shared-prefix seed=42 repeat=3
measurement_scope=user-space search loop; allocation/generation/output excluded
Each counter group replays identical warmed queries; N/A is never a zero count.

algorithm=baseline trial=1 checksum=10342400 verified=yes
elapsed_ns: 18212770
ns_per_search: 18212.770
instructions: N/A [instructions: Permission denied (errno=13)]
cycles: N/A [instructions: Permission denied (errno=13)]
L1D_load_accesses: N/A [L1D-loads: Permission denied (errno=13)]
L1D_load_misses: N/A [L1D-loads: Permission denied (errno=13)]
L1D_store_accesses: N/A [L1D-stores: Permission denied (errno=13)]
memory_accesses_L1D_loads_plus_stores: N/A [requires both loads and stores]
L1D_load_hit_rate_pct: N/A [unsupported, zero accesses, or inconsistent counters]
hardware_metrics: incomplete

algorithm=optimized trial=1 checksum=10342400 verified=yes
elapsed_ns: 18150584
ns_per_search: 18150.584
instructions: N/A [instructions: Permission denied (errno=13)]
cycles: N/A [instructions: Permission denied (errno=13)]
L1D_load_accesses: N/A [L1D-loads: Permission denied (errno=13)]
L1D_load_misses: N/A [L1D-loads: Permission denied (errno=13)]
L1D_store_accesses: N/A [L1D-stores: Permission denied (errno=13)]
memory_accesses_L1D_loads_plus_stores: N/A [requires both loads and stores]
L1D_load_hit_rate_pct: N/A [unsupported, zero accesses, or inconsistent counters]
hardware_metrics: incomplete

algorithm=optimized trial=2 checksum=10342400 verified=yes
elapsed_ns: 18334428
ns_per_search: 18334.428
instructions: N/A [instructions: Permission denied (errno=13)]
cycles: N/A [instructions: Permission denied (errno=13)]
L1D_load_accesses: N/A [L1D-loads: Permission denied (errno=13)]
L1D_load_misses: N/A [L1D-loads: Permission denied (errno=13)]
L1D_store_accesses: N/A [L1D-stores: Permission denied (errno=13)]
memory_accesses_L1D_loads_plus_stores: N/A [requires both loads and stores]
L1D_load_hit_rate_pct: N/A [unsupported, zero accesses, or inconsistent counters]
hardware_metrics: incomplete

algorithm=baseline trial=2 checksum=10342400 verified=yes
elapsed_ns: 18140565
ns_per_search: 18140.565
instructions: N/A [instructions: Permission denied (errno=13)]
cycles: N/A [instructions: Permission denied (errno=13)]
L1D_load_accesses: N/A [L1D-loads: Permission denied (errno=13)]
L1D_load_misses: N/A [L1D-loads: Permission denied (errno=13)]
L1D_store_accesses: N/A [L1D-stores: Permission denied (errno=13)]
memory_accesses_L1D_loads_plus_stores: N/A [requires both loads and stores]
L1D_load_hit_rate_pct: N/A [unsupported, zero accesses, or inconsistent counters]
hardware_metrics: incomplete

algorithm=baseline trial=3 checksum=10342400 verified=yes
elapsed_ns: 18175681
ns_per_search: 18175.681
instructions: N/A [instructions: Permission denied (errno=13)]
cycles: N/A [instructions: Permission denied (errno=13)]
L1D_load_accesses: N/A [L1D-loads: Permission denied (errno=13)]
L1D_load_misses: N/A [L1D-loads: Permission denied (errno=13)]
L1D_store_accesses: N/A [L1D-stores: Permission denied (errno=13)]
memory_accesses_L1D_loads_plus_stores: N/A [requires both loads and stores]
L1D_load_hit_rate_pct: N/A [unsupported, zero accesses, or inconsistent counters]
hardware_metrics: incomplete

algorithm=optimized trial=3 checksum=10342400 verified=yes
elapsed_ns: 18223931
ns_per_search: 18223.931
instructions: N/A [instructions: Permission denied (errno=13)]
cycles: N/A [instructions: Permission denied (errno=13)]
L1D_load_accesses: N/A [L1D-loads: Permission denied (errno=13)]
L1D_load_misses: N/A [L1D-loads: Permission denied (errno=13)]
L1D_store_accesses: N/A [L1D-stores: Permission denied (errno=13)]
memory_accesses_L1D_loads_plus_stores: N/A [requires both loads and stores]
L1D_load_hit_rate_pct: N/A [unsupported, zero accesses, or inconsistent counters]
hardware_metrics: incomplete

Command: ./build/linkbench --lists 4 --nodes 4096 --size 64 --queries 1000 --repeat 3 --mode hit --pattern shared-prefix
Linked-list search benchmark (no hash)
lists=4 nodes_per_list=4096 total_nodes=16384 payload_bytes=64 header_bytes=32
queries=1000 expected_hits=1000 mode=hit pattern=shared-prefix seed=42 repeat=3
measurement_scope=user-space search loop; allocation/generation/output excluded
Each counter group replays identical warmed queries; N/A is never a zero count.

algorithm=baseline trial=1 checksum=8296019 verified=yes
elapsed_ns: 9155202
ns_per_search: 9155.202
instructions: N/A [instructions: Permission denied (errno=13)]
cycles: N/A [instructions: Permission denied (errno=13)]
L1D_load_accesses: N/A [L1D-loads: Permission denied (errno=13)]
L1D_load_misses: N/A [L1D-loads: Permission denied (errno=13)]
L1D_store_accesses: N/A [L1D-stores: Permission denied (errno=13)]
memory_accesses_L1D_loads_plus_stores: N/A [requires both loads and stores]
L1D_load_hit_rate_pct: N/A [unsupported, zero accesses, or inconsistent counters]
hardware_metrics: incomplete

algorithm=optimized trial=1 checksum=8296019 verified=yes
elapsed_ns: 9169198
ns_per_search: 9169.198
instructions: N/A [instructions: Permission denied (errno=13)]
cycles: N/A [instructions: Permission denied (errno=13)]
L1D_load_accesses: N/A [L1D-loads: Permission denied (errno=13)]
L1D_load_misses: N/A [L1D-loads: Permission denied (errno=13)]
L1D_store_accesses: N/A [L1D-stores: Permission denied (errno=13)]
memory_accesses_L1D_loads_plus_stores: N/A [requires both loads and stores]
L1D_load_hit_rate_pct: N/A [unsupported, zero accesses, or inconsistent counters]
hardware_metrics: incomplete

algorithm=optimized trial=2 checksum=8296019 verified=yes
elapsed_ns: 9123462
ns_per_search: 9123.462
instructions: N/A [instructions: Permission denied (errno=13)]
cycles: N/A [instructions: Permission denied (errno=13)]
L1D_load_accesses: N/A [L1D-loads: Permission denied (errno=13)]
L1D_load_misses: N/A [L1D-loads: Permission denied (errno=13)]
L1D_store_accesses: N/A [L1D-stores: Permission denied (errno=13)]
memory_accesses_L1D_loads_plus_stores: N/A [requires both loads and stores]
L1D_load_hit_rate_pct: N/A [unsupported, zero accesses, or inconsistent counters]
hardware_metrics: incomplete

algorithm=baseline trial=2 checksum=8296019 verified=yes
elapsed_ns: 9084659
ns_per_search: 9084.659
instructions: N/A [instructions: Permission denied (errno=13)]
cycles: N/A [instructions: Permission denied (errno=13)]
L1D_load_accesses: N/A [L1D-loads: Permission denied (errno=13)]
L1D_load_misses: N/A [L1D-loads: Permission denied (errno=13)]
L1D_store_accesses: N/A [L1D-stores: Permission denied (errno=13)]
memory_accesses_L1D_loads_plus_stores: N/A [requires both loads and stores]
L1D_load_hit_rate_pct: N/A [unsupported, zero accesses, or inconsistent counters]
hardware_metrics: incomplete

algorithm=baseline trial=3 checksum=8296019 verified=yes
elapsed_ns: 9820947
ns_per_search: 9820.947
instructions: N/A [instructions: Permission denied (errno=13)]
cycles: N/A [instructions: Permission denied (errno=13)]
L1D_load_accesses: N/A [L1D-loads: Permission denied (errno=13)]
L1D_load_misses: N/A [L1D-loads: Permission denied (errno=13)]
L1D_store_accesses: N/A [L1D-stores: Permission denied (errno=13)]
memory_accesses_L1D_loads_plus_stores: N/A [requires both loads and stores]
L1D_load_hit_rate_pct: N/A [unsupported, zero accesses, or inconsistent counters]
hardware_metrics: incomplete

algorithm=optimized trial=3 checksum=8296019 verified=yes
elapsed_ns: 9835244
ns_per_search: 9835.244
instructions: N/A [instructions: Permission denied (errno=13)]
cycles: N/A [instructions: Permission denied (errno=13)]
L1D_load_accesses: N/A [L1D-loads: Permission denied (errno=13)]
L1D_load_misses: N/A [L1D-loads: Permission denied (errno=13)]
L1D_store_accesses: N/A [L1D-stores: Permission denied (errno=13)]
memory_accesses_L1D_loads_plus_stores: N/A [requires both loads and stores]
L1D_load_hit_rate_pct: N/A [unsupported, zero accesses, or inconsistent counters]
hardware_metrics: incomplete

Command: ./build/linkbench --lists 4 --nodes 4096 --size 64 --queries 1000 --repeat 3 --mode miss --pattern shared-prefix
Linked-list search benchmark (no hash)
lists=4 nodes_per_list=4096 total_nodes=16384 payload_bytes=64 header_bytes=32
queries=1000 expected_hits=0 mode=miss pattern=shared-prefix seed=42 repeat=3
measurement_scope=user-space search loop; allocation/generation/output excluded
Each counter group replays identical warmed queries; N/A is never a zero count.

algorithm=baseline trial=1 checksum=0 verified=yes
elapsed_ns: 18106021
ns_per_search: 18106.021
instructions: N/A [instructions: Permission denied (errno=13)]
cycles: N/A [instructions: Permission denied (errno=13)]
L1D_load_accesses: N/A [L1D-loads: Permission denied (errno=13)]
L1D_load_misses: N/A [L1D-loads: Permission denied (errno=13)]
L1D_store_accesses: N/A [L1D-stores: Permission denied (errno=13)]
memory_accesses_L1D_loads_plus_stores: N/A [requires both loads and stores]
L1D_load_hit_rate_pct: N/A [unsupported, zero accesses, or inconsistent counters]
hardware_metrics: incomplete

algorithm=optimized trial=1 checksum=0 verified=yes
elapsed_ns: 18183115
ns_per_search: 18183.115
instructions: N/A [instructions: Permission denied (errno=13)]
cycles: N/A [instructions: Permission denied (errno=13)]
L1D_load_accesses: N/A [L1D-loads: Permission denied (errno=13)]
L1D_load_misses: N/A [L1D-loads: Permission denied (errno=13)]
L1D_store_accesses: N/A [L1D-stores: Permission denied (errno=13)]
memory_accesses_L1D_loads_plus_stores: N/A [requires both loads and stores]
L1D_load_hit_rate_pct: N/A [unsupported, zero accesses, or inconsistent counters]
hardware_metrics: incomplete

algorithm=optimized trial=2 checksum=0 verified=yes
elapsed_ns: 18266270
ns_per_search: 18266.270
instructions: N/A [instructions: Permission denied (errno=13)]
cycles: N/A [instructions: Permission denied (errno=13)]
L1D_load_accesses: N/A [L1D-loads: Permission denied (errno=13)]
L1D_load_misses: N/A [L1D-loads: Permission denied (errno=13)]
L1D_store_accesses: N/A [L1D-stores: Permission denied (errno=13)]
memory_accesses_L1D_loads_plus_stores: N/A [requires both loads and stores]
L1D_load_hit_rate_pct: N/A [unsupported, zero accesses, or inconsistent counters]
hardware_metrics: incomplete

algorithm=baseline trial=2 checksum=0 verified=yes
elapsed_ns: 18637205
ns_per_search: 18637.205
instructions: N/A [instructions: Permission denied (errno=13)]
cycles: N/A [instructions: Permission denied (errno=13)]
L1D_load_accesses: N/A [L1D-loads: Permission denied (errno=13)]
L1D_load_misses: N/A [L1D-loads: Permission denied (errno=13)]
L1D_store_accesses: N/A [L1D-stores: Permission denied (errno=13)]
memory_accesses_L1D_loads_plus_stores: N/A [requires both loads and stores]
L1D_load_hit_rate_pct: N/A [unsupported, zero accesses, or inconsistent counters]
hardware_metrics: incomplete

algorithm=baseline trial=3 checksum=0 verified=yes
elapsed_ns: 18186842
ns_per_search: 18186.842
instructions: N/A [instructions: Permission denied (errno=13)]
cycles: N/A [instructions: Permission denied (errno=13)]
L1D_load_accesses: N/A [L1D-loads: Permission denied (errno=13)]
L1D_load_misses: N/A [L1D-loads: Permission denied (errno=13)]
L1D_store_accesses: N/A [L1D-stores: Permission denied (errno=13)]
memory_accesses_L1D_loads_plus_stores: N/A [requires both loads and stores]
L1D_load_hit_rate_pct: N/A [unsupported, zero accesses, or inconsistent counters]
hardware_metrics: incomplete

algorithm=optimized trial=3 checksum=0 verified=yes
elapsed_ns: 18728395
ns_per_search: 18728.395
instructions: N/A [instructions: Permission denied (errno=13)]
cycles: N/A [instructions: Permission denied (errno=13)]
L1D_load_accesses: N/A [L1D-loads: Permission denied (errno=13)]
L1D_load_misses: N/A [L1D-loads: Permission denied (errno=13)]
L1D_store_accesses: N/A [L1D-stores: Permission denied (errno=13)]
memory_accesses_L1D_loads_plus_stores: N/A [requires both loads and stores]
L1D_load_hit_rate_pct: N/A [unsupported, zero accesses, or inconsistent counters]
hardware_metrics: incomplete

Command: ./build/linkbench --lists 4 --nodes 4096 --size 64 --queries 1000 --repeat 3 --mode mixed --pattern shared-prefix
Linked-list search benchmark (no hash)
lists=4 nodes_per_list=4096 total_nodes=16384 payload_bytes=64 header_bytes=32
queries=1000 expected_hits=500 mode=mixed pattern=shared-prefix seed=42 repeat=3
measurement_scope=user-space search loop; allocation/generation/output excluded
Each counter group replays identical warmed queries; N/A is never a zero count.

algorithm=baseline trial=1 checksum=4105475 verified=yes
elapsed_ns: 13540387
ns_per_search: 13540.387
instructions: N/A [instructions: Permission denied (errno=13)]
cycles: N/A [instructions: Permission denied (errno=13)]
L1D_load_accesses: N/A [L1D-loads: Permission denied (errno=13)]
L1D_load_misses: N/A [L1D-loads: Permission denied (errno=13)]
L1D_store_accesses: N/A [L1D-stores: Permission denied (errno=13)]
memory_accesses_L1D_loads_plus_stores: N/A [requires both loads and stores]
L1D_load_hit_rate_pct: N/A [unsupported, zero accesses, or inconsistent counters]
hardware_metrics: incomplete

algorithm=optimized trial=1 checksum=4105475 verified=yes
elapsed_ns: 13816254
ns_per_search: 13816.254
instructions: N/A [instructions: Permission denied (errno=13)]
cycles: N/A [instructions: Permission denied (errno=13)]
L1D_load_accesses: N/A [L1D-loads: Permission denied (errno=13)]
L1D_load_misses: N/A [L1D-loads: Permission denied (errno=13)]
L1D_store_accesses: N/A [L1D-stores: Permission denied (errno=13)]
memory_accesses_L1D_loads_plus_stores: N/A [requires both loads and stores]
L1D_load_hit_rate_pct: N/A [unsupported, zero accesses, or inconsistent counters]
hardware_metrics: incomplete

algorithm=optimized trial=2 checksum=4105475 verified=yes
elapsed_ns: 13491806
ns_per_search: 13491.806
instructions: N/A [instructions: Permission denied (errno=13)]
cycles: N/A [instructions: Permission denied (errno=13)]
L1D_load_accesses: N/A [L1D-loads: Permission denied (errno=13)]
L1D_load_misses: N/A [L1D-loads: Permission denied (errno=13)]
L1D_store_accesses: N/A [L1D-stores: Permission denied (errno=13)]
memory_accesses_L1D_loads_plus_stores: N/A [requires both loads and stores]
L1D_load_hit_rate_pct: N/A [unsupported, zero accesses, or inconsistent counters]
hardware_metrics: incomplete

algorithm=baseline trial=2 checksum=4105475 verified=yes
elapsed_ns: 13474353
ns_per_search: 13474.353
instructions: N/A [instructions: Permission denied (errno=13)]
cycles: N/A [instructions: Permission denied (errno=13)]
L1D_load_accesses: N/A [L1D-loads: Permission denied (errno=13)]
L1D_load_misses: N/A [L1D-loads: Permission denied (errno=13)]
L1D_store_accesses: N/A [L1D-stores: Permission denied (errno=13)]
memory_accesses_L1D_loads_plus_stores: N/A [requires both loads and stores]
L1D_load_hit_rate_pct: N/A [unsupported, zero accesses, or inconsistent counters]
hardware_metrics: incomplete

algorithm=baseline trial=3 checksum=4105475 verified=yes
elapsed_ns: 13537231
ns_per_search: 13537.231
instructions: N/A [instructions: Permission denied (errno=13)]
cycles: N/A [instructions: Permission denied (errno=13)]
L1D_load_accesses: N/A [L1D-loads: Permission denied (errno=13)]
L1D_load_misses: N/A [L1D-loads: Permission denied (errno=13)]
L1D_store_accesses: N/A [L1D-stores: Permission denied (errno=13)]
memory_accesses_L1D_loads_plus_stores: N/A [requires both loads and stores]
L1D_load_hit_rate_pct: N/A [unsupported, zero accesses, or inconsistent counters]
hardware_metrics: incomplete

algorithm=optimized trial=3 checksum=4105475 verified=yes
elapsed_ns: 14074747
ns_per_search: 14074.747
instructions: N/A [instructions: Permission denied (errno=13)]
cycles: N/A [instructions: Permission denied (errno=13)]
L1D_load_accesses: N/A [L1D-loads: Permission denied (errno=13)]
L1D_load_misses: N/A [L1D-loads: Permission denied (errno=13)]
L1D_store_accesses: N/A [L1D-stores: Permission denied (errno=13)]
memory_accesses_L1D_loads_plus_stores: N/A [requires both loads and stores]
L1D_load_hit_rate_pct: N/A [unsupported, zero accesses, or inconsistent counters]
hardware_metrics: incomplete
